Archive member included to satisfy reference by file (symbol)

d:/stm_systemworkbench/plugins/fr.ac6.mcu.externaltools.arm-none.win32_1.17.0.201812190825/tools/compiler/bin/../lib/gcc/arm-none-eabi/7.3.1/thumb/v7e-m/fpv4-sp/hard\libgcc.a(_aeabi_uldivmod.o)
                              Drivers/STM32F4xx_HAL_Driver/Src/stm32f4xx_hal_rcc.o (__aeabi_uldivmod)
d:/stm_systemworkbench/plugins/fr.ac6.mcu.externaltools.arm-none.win32_1.17.0.201812190825/tools/compiler/bin/../lib/gcc/arm-none-eabi/7.3.1/thumb/v7e-m/fpv4-sp/hard\libgcc.a(_udivmoddi4.o)
                              d:/stm_systemworkbench/plugins/fr.ac6.mcu.externaltools.arm-none.win32_1.17.0.201812190825/tools/compiler/bin/../lib/gcc/arm-none-eabi/7.3.1/thumb/v7e-m/fpv4-sp/hard\libgcc.a(_aeabi_uldivmod.o) (__udivmoddi4)
d:/stm_systemworkbench/plugins/fr.ac6.mcu.externaltools.arm-none.win32_1.17.0.201812190825/tools/compiler/bin/../lib/gcc/arm-none-eabi/7.3.1/thumb/v7e-m/fpv4-sp/hard\libgcc.a(_dvmd_tls.o)
                              d:/stm_systemworkbench/plugins/fr.ac6.mcu.externaltools.arm-none.win32_1.17.0.201812190825/tools/compiler/bin/../lib/gcc/arm-none-eabi/7.3.1/thumb/v7e-m/fpv4-sp/hard\libgcc.a(_aeabi_uldivmod.o) (__aeabi_ldiv0)
d:/stm_systemworkbench/plugins/fr.ac6.mcu.externaltools.arm-none.win32_1.17.0.201812190825/tools/compiler/bin/../lib/gcc/arm-none-eabi/7.3.1/../../../../arm-none-eabi/lib/thumb/v7e-m/fpv4-sp/hard\libc_nano.a(lib_a-errno.o)
                              Src/syscalls.o (__errno)
d:/stm_systemworkbench/plugins/fr.ac6.mcu.externaltools.arm-none.win32_1.17.0.201812190825/tools/compiler/bin/../lib/gcc/arm-none-eabi/7.3.1/../../../../arm-none-eabi/lib/thumb/v7e-m/fpv4-sp/hard\libc_nano.a(lib_a-exit.o)
                              d:/stm_systemworkbench/plugins/fr.ac6.mcu.externaltools.arm-none.win32_1.17.0.201812190825/tools/compiler/bin/../lib/gcc/arm-none-eabi/7.3.1/../../../../arm-none-eabi/lib/thumb/v7e-m/fpv4-sp/hard/crt0.o (exit)
d:/stm_systemworkbench/plugins/fr.ac6.mcu.externaltools.arm-none.win32_1.17.0.201812190825/tools/compiler/bin/../lib/gcc/arm-none-eabi/7.3.1/../../../../arm-none-eabi/lib/thumb/v7e-m/fpv4-sp/hard\libc_nano.a(lib_a-impure.o)
                              d:/stm_systemworkbench/plugins/fr.ac6.mcu.externaltools.arm-none.win32_1.17.0.201812190825/tools/compiler/bin/../lib/gcc/arm-none-eabi/7.3.1/../../../../arm-none-eabi/lib/thumb/v7e-m/fpv4-sp/hard\libc_nano.a(lib_a-exit.o) (_global_impure_ptr)
d:/stm_systemworkbench/plugins/fr.ac6.mcu.externaltools.arm-none.win32_1.17.0.201812190825/tools/compiler/bin/../lib/gcc/arm-none-eabi/7.3.1/../../../../arm-none-eabi/lib/thumb/v7e-m/fpv4-sp/hard\libc_nano.a(lib_a-init.o)
                              d:/stm_systemworkbench/plugins/fr.ac6.mcu.externaltools.arm-none.win32_1.17.0.201812190825/tools/compiler/bin/../lib/gcc/arm-none-eabi/7.3.1/../../../../arm-none-eabi/lib/thumb/v7e-m/fpv4-sp/hard/crt0.o (__libc_init_array)
d:/stm_systemworkbench/plugins/fr.ac6.mcu.externaltools.arm-none.win32_1.17.0.201812190825/tools/compiler/bin/../lib/gcc/arm-none-eabi/7.3.1/../../../../arm-none-eabi/lib/thumb/v7e-m/fpv4-sp/hard\libc_nano.a(lib_a-memset.o)
                              d:/stm_systemworkbench/plugins/fr.ac6.mcu.externaltools.arm-none.win32_1.17.0.201812190825/tools/compiler/bin/../lib/gcc/arm-none-eabi/7.3.1/../../../../arm-none-eabi/lib/thumb/v7e-m/fpv4-sp/hard/crt0.o (memset)

Allocating common symbols
Common symbol       size              file

hi2c1               0x54              Src/i2c.o
htim10              0x40              Src/tim.o
uwTick              0x4               Drivers/STM32F4xx_HAL_Driver/Src/stm32f4xx_hal.o
pFlash              0x20              Drivers/STM32F4xx_HAL_Driver/Src/stm32f4xx_hal_flash.o
htim5               0x40              Src/tim.o
htim1               0x40              Src/tim.o
button_clicked      0x2               Src/main.o
disp                0x24              Src/main.o

Discarded input sections

 .text          0x00000000        0x0 d:/stm_systemworkbench/plugins/fr.ac6.mcu.externaltools.arm-none.win32_1.17.0.201812190825/tools/compiler/bin/../lib/gcc/arm-none-eabi/7.3.1/thumb/v7e-m/fpv4-sp/hard/crti.o
 .data          0x00000000        0x0 d:/stm_systemworkbench/plugins/fr.ac6.mcu.externaltools.arm-none.win32_1.17.0.201812190825/tools/compiler/bin/../lib/gcc/arm-none-eabi/7.3.1/thumb/v7e-m/fpv4-sp/hard/crti.o
 .bss           0x00000000        0x0 d:/stm_systemworkbench/plugins/fr.ac6.mcu.externaltools.arm-none.win32_1.17.0.201812190825/tools/compiler/bin/../lib/gcc/arm-none-eabi/7.3.1/thumb/v7e-m/fpv4-sp/hard/crti.o
 .data          0x00000000        0x4 d:/stm_systemworkbench/plugins/fr.ac6.mcu.externaltools.arm-none.win32_1.17.0.201812190825/tools/compiler/bin/../lib/gcc/arm-none-eabi/7.3.1/thumb/v7e-m/fpv4-sp/hard/crtbegin.o
[...]
Memory Configuration

Name             Origin             Length             Attributes
RAM              0x20000000         0x00020000         xrw
FLASH            0x08000000         0x00080000         xr
*default*        0x00000000         0xffffffff

Linker script and memory map

LOAD d:/stm_systemworkbench/plugins/fr.ac6.mcu.externaltools.arm-none.win32_1.17.0.201812190825/tools/compiler/bin/../lib/gcc/arm-none-eabi/7.3.1/thumb/v7e-m/fpv4-sp/hard/crti.o
LOAD d:/stm_systemworkbench/plugins/fr.ac6.mcu.externaltools.arm-none.win32_1.17.0.201812190825/tools/compiler/bin/../lib/gcc/arm-none-eabi/7.3.1/thumb/v7e-m/fpv4-sp/hard/crtbegin.o
LOAD d:/stm_systemworkbench/plugins/fr.ac6.mcu.externaltools.arm-none.win32_1.17.0.201812190825/tools/compiler/bin/../lib/gcc/arm-none-eabi/7.3.1/../../../../arm-none-eabi/lib/thumb/v7e-m/fpv4-sp/hard/crt0.o
LOAD Drivers/STM32F4xx_HAL_Driver/Src/stm32f4xx_hal.o
LOAD Drivers/STM32F4xx_HAL_Driver/Src/stm32f4xx_hal_cortex.o
LOAD Drivers/STM32F4xx_HAL_Driver/Src/stm32f4xx_hal_dma.o
LOAD Drivers/STM32F4xx_HAL_Driver/Src/stm32f4xx_hal_dma_ex.o
LOAD Drivers/STM32F4xx_HAL_Driver/Src/stm32f4xx_hal_exti.o
LOAD Drivers/STM32F4xx_HAL_Driver/Src/stm32f4xx_hal_flash.o
LOAD Drivers/STM32F4xx_HAL_Driver/Src/stm32f4xx_hal_flash_ex.o
LOAD Drivers/STM32F4xx_HAL_Driver/Src/stm32f4xx_hal_flash_ramfunc.o
LOAD Drivers/STM32F4xx_HAL_Driver/Src/stm32f4xx_hal_gpio.o
LOAD Drivers/STM32F4xx_HAL_Driver/Src/stm32f4xx_hal_i2c.o
LOAD Drivers/STM32F4xx_HAL_Driver/Src/stm32f4xx_hal_i2c_ex.o
LOAD Drivers/STM32F4xx_HAL_Driver/Src/stm32f4xx_hal_pwr.o
LOAD Drivers/STM32F4xx_HAL_Driver/Src/stm32f4xx_hal_pwr_ex.o
LOAD Drivers/STM32F4xx_HAL_Driver/Src/stm32f4xx_hal_rcc.o
LOAD Drivers/STM32F4xx_HAL_Driver/Src/stm32f4xx_hal_rcc_ex.o
LOAD Drivers/STM32F4xx_HAL_Driver/Src/stm32f4xx_hal_tim.o
LOAD Drivers/STM32F4xx_HAL_Driver/Src/stm32f4xx_hal_tim_ex.o
LOAD Src/gpio.o
LOAD Src/i2c.o
LOAD Src/lcd_i2c.o
LOAD Src/main.o
LOAD Src/stm32f4xx_hal_msp.o
LOAD Src/stm32f4xx_it.o
LOAD Src/syscalls.o
LOAD Src/system_stm32f4xx.o
LOAD Src/tim.o
LOAD startup/startup_stm32f411xe.o
LOAD d:/stm_systemworkbench/plugins/fr.ac6.mcu.externaltools.arm-none.win32_1.17.0.201812190825/tools/compiler/bin/../lib/gcc/arm-none-eabi/7.3.1/../../../../arm-none-eabi/lib/thumb/v7e-m/fpv4-sp/hard\libm.a
START GROUP
LOAD d:/stm_systemworkbench/plugins/fr.ac6.mcu.externaltools.arm-none.win32_1.17.0.201812190825/tools/compiler/bin/../lib/gcc/arm-none-eabi/7.3.1/thumb/v7e-m/fpv4-sp/hard\libgcc.a
LOAD d:/stm_systemworkbench/plugins/fr.ac6.mcu.externaltools.arm-none.win32_1.17.0.201812190825/tools/compiler/bin/../lib/gcc/arm-none-eabi/7.3.1/../../../../arm-none-eabi/lib/thumb/v7e-m/fpv4-sp/hard\libc_nano.a
END GROUP
START GROUP
LOAD d:/stm_systemworkbench/plugins/fr.ac6.mcu.externaltools.arm-none.win32_1.17.0.201812190825/tools/compiler/bin/../lib/gcc/arm-none-eabi/7.3.1/thumb/v7e-m/fpv4-sp/hard\libgcc.a
LOAD d:/stm_systemworkbench/plugins/fr.ac6.mcu.externaltools.arm-none.win32_1.17.0.201812190825/tools/compiler/bin/../lib/gcc/arm-none-eabi/7.3.1/../../../../arm-none-eabi/lib/thumb/v7e-m/fpv4-sp/hard\libc_nano.a
LOAD d:/stm_systemworkbench/plugins/fr.ac6.mcu.externaltools.arm-none.win32_1.17.0.201812190825/tools/compiler/bin/../lib/gcc/arm-none-eabi/7.3.1/../../../../arm-none-eabi/lib/thumb/v7e-m/fpv4-sp/hard\libnosys.a
END GROUP
START GROUP
LOAD d:/stm_systemworkbench/plugins/fr.ac6.mcu.externaltools.arm-none.win32_1.17.0.201812190825/tools/compiler/bin/../lib/gcc/arm-none-eabi/7.3.1/thumb/v7e-m/fpv4-sp/hard\libgcc.a
LOAD d:/stm_systemworkbench/plugins/fr.ac6.mcu.externaltools.arm-none.win32_1.17.0.201812190825/tools/compiler/bin/../lib/gcc/arm-none-eabi/7.3.1/../../../../arm-none-eabi/lib/thumb/v7e-m/fpv4-sp/hard\libc_nano.a
LOAD d:/stm_systemworkbench/plugins/fr.ac6.mcu.externaltools.arm-none.win32_1.17.0.201812190825/tools/compiler/bin/../lib/gcc/arm-none-eabi/7.3.1/../../../../arm-none-eabi/lib/thumb/v7e-m/fpv4-sp/hard\libnosys.a
END GROUP
LOAD d:/stm_systemworkbench/plugins/fr.ac6.mcu.externaltools.arm-none.win32_1.17.0.201812190825/tools/compiler/bin/../lib/gcc/arm-none-eabi/7.3.1/thumb/v7e-m/fpv4-sp/hard/crtend.o
LOAD d:/stm_systemworkbench/plugins/fr.ac6.mcu.externaltools.arm-none.win32_1.17.0.201812190825/tools/compiler/bin/../lib/gcc/arm-none-eabi/7.3.1/thumb/v7e-m/fpv4-sp/hard/crtn.o
                0x20020000                _estack = 0x20020000
                0x00000200                _Min_Heap_Size = 0x200
                0x00000400                _Min_Stack_Size = 0x400

.isr_vector     0x08000000      0x198
                0x08000000                . = ALIGN (0x4)
 *(.isr_vector)
 .isr_vector    0x08000000      0x198 startup/startup_stm32f411xe.o
                0x08000000                g_pfnVectors
                0x08000198                . = ALIGN (0x4)

.text           0x08000198     0x2024
                0x08000198                . = ALIGN (0x4)
 *(.text)
 .text          0x08000198       0x40 d:/stm_systemworkbench/plugins/fr.ac6.mcu.externaltools.arm-none.win32_1.17.0.201812190825/tools/compiler/bin/../lib/gcc/arm-none-eabi/7.3.1/thumb/v7e-m/fpv4-sp/hard/crtbegin.o
 .text          0x080001d8       0x30 d:/stm_systemworkbench/plugins/fr.ac6.mcu.externaltools.arm-none.win32_1.17.0.201812190825/tools/compiler/bin/../lib/gcc/arm-none-eabi/7.3.1/thumb/v7e-m/fpv4-sp/hard\libgcc.a(_aeabi_uldivmod.o)
                0x080001d8                __aeabi_uldivmod
 .text          0x08000208      0x2cc d:/stm_systemworkbench/plugins/fr.ac6.mcu.externaltools.arm-none.win32_1.17.0.201812190825/tools/compiler/bin/../lib/gcc/arm-none-eabi/7.3.1/thumb/v7e-m/fpv4-sp/hard\libgcc.a(_udivmoddi4.o)
                0x08000208                __udivmoddi4
 .text          0x080004d4        0x4 d:/stm_systemworkbench/plugins/fr.ac6.mcu.externaltools.arm-none.win32_1.17.0.201812190825/tools/compiler/bin/../lib/gcc/arm-none-eabi/7.3.1/thumb/v7e-m/fpv4-sp/hard\libgcc.a(_dvmd_tls.o)
                0x080004d4                __aeabi_idiv0
                0x080004d4                __aeabi_ldiv0
 *(.text*)
 .text.HAL_InitTick
                0x080004d8       0x48 Drivers/STM32F4xx_HAL_Driver/Src/stm32f4xx_hal.o
                0x080004d8                HAL_InitTick
 .text.HAL_Init
                0x08000520       0x34 Drivers/STM32F4xx_HAL_Driver/Src/stm32f4xx_hal.o
                0x08000520                HAL_Init
 .text.HAL_IncTick
                0x08000554       0x18 Drivers/STM32F4xx_HAL_Driver/Src/stm32f4xx_hal.o
                0x08000554                HAL_IncTick
 .text.HAL_GetTick
                0x0800056c        0xc Drivers/STM32F4xx_HAL_Driver/Src/stm32f4xx_hal.o
                0x0800056c                HAL_GetTick
 .text.HAL_Delay
                0x08000578       0x28 Drivers/STM32F4xx_HAL_Driver/Src/stm32f4xx_hal.o
                0x08000578                HAL_Delay
 .text.HAL_NVIC_SetPriorityGrouping
                0x080005a0       0x24 Drivers/STM32F4xx_HAL_Driver/Src/stm32f4xx_hal_cortex.o
                0x080005a0                HAL_NVIC_SetPriorityGrouping
 .text.HAL_NVIC_SetPriority
                0x080005c4       0x68 Drivers/STM32F4xx_HAL_Driver/Src/stm32f4xx_hal_cortex.o
                0x080005c4                HAL_NVIC_SetPriority
 .text.HAL_NVIC_EnableIRQ
                0x0800062c       0x1c Drivers/STM32F4xx_HAL_Driver/Src/stm32f4xx_hal_cortex.o
                0x0800062c                HAL_NVIC_EnableIRQ
 .text.HAL_SYSTICK_Config
                0x08000648       0x2c Drivers/STM32F4xx_HAL_Driver/Src/stm32f4xx_hal_cortex.o
                0x08000648                HAL_SYSTICK_Config
 .text.HAL_GPIO_Init
                0x08000674      0x1a4 Drivers/STM32F4xx_HAL_Driver/Src/stm32f4xx_hal_gpio.o
                0x08000674                HAL_GPIO_Init
 .text.HAL_GPIO_EXTI_IRQHandler
                0x08000818       0x1c Drivers/STM32F4xx_HAL_Driver/Src/stm32f4xx_hal_gpio.o
                0x08000818                HAL_GPIO_EXTI_IRQHandler
 .text.I2C_IsAcknowledgeFailed
                0x08000834       0x32 Drivers/STM32F4xx_HAL_Driver/Src/stm32f4xx_hal_i2c.o
 .text.I2C_WaitOnFlagUntilTimeout
                0x08000866       0x70 Drivers/STM32F4xx_HAL_Driver/Src/stm32f4xx_hal_i2c.o
 .text.I2C_WaitOnMasterAddressFlagUntilTimeout
                0x080008d6       0xa4 Drivers/STM32F4xx_HAL_Driver/Src/stm32f4xx_hal_i2c.o
 *fill*         0x0800097a        0x2 
 .text.I2C_MasterRequestWrite
                0x0800097c       0xbc Drivers/STM32F4xx_HAL_Driver/Src/stm32f4xx_hal_i2c.o
 .text.I2C_WaitOnTXEFlagUntilTimeout
                0x08000a38       0x54 Drivers/STM32F4xx_HAL_Driver/Src/stm32f4xx_hal_i2c.o
 .text.I2C_WaitOnBTFFlagUntilTimeout
                0x08000a8c       0x54 Drivers/STM32F4xx_HAL_Driver/Src/stm32f4xx_hal_i2c.o
 .text.HAL_I2C_Init
                0x08000ae0      0x1b4 Drivers/STM32F4xx_HAL_Driver/Src/stm32f4xx_hal_i2c.o
                0x08000ae0                HAL_I2C_Init
 .text.HAL_I2C_Master_Transmit
                0x08000c94      0x174 Drivers/STM32F4xx_HAL_Driver/Src/stm32f4xx_hal_i2c.o
                0x08000c94                HAL_I2C_Master_Transmit
 .text.HAL_RCC_OscConfig
                0x08000e08      0x3ec Drivers/STM32F4xx_HAL_Driver/Src/stm32f4xx_hal_rcc.o
                0x08000e08                HAL_RCC_OscConfig
 .text.HAL_RCC_GetSysClockFreq
                0x080011f4       0xa8 Drivers/STM32F4xx_HAL_Driver/Src/stm32f4xx_hal_rcc.o
                0x080011f4                HAL_RCC_GetSysClockFreq
 .text.HAL_RCC_ClockConfig
                0x0800129c      0x160 Drivers/STM32F4xx_HAL_Driver/Src/stm32f4xx_hal_rcc.o
                0x0800129c                HAL_RCC_ClockConfig
 .text.HAL_RCC_GetHCLKFreq
                0x080013fc        0xc Drivers/STM32F4xx_HAL_Driver/Src/stm32f4xx_hal_rcc.o
                0x080013fc                HAL_RCC_GetHCLKFreq
 .text.HAL_RCC_GetPCLK1Freq
                0x08001408       0x20 Drivers/STM32F4xx_HAL_Driver/Src/stm32f4xx_hal_rcc.o
                0x08001408                HAL_RCC_GetPCLK1Freq
 .text.TIM_TI1_ConfigInputStage
                0x08001428       0x26 Drivers/STM32F4xx_HAL_Driver/Src/stm32f4xx_hal_tim.o
 .text.TIM_TI2_ConfigInputStage
                0x0800144e       0x28 Drivers/STM32F4xx_HAL_Driver/Src/stm32f4xx_hal_tim.o
 .text.TIM_ITRx_SetConfig
                0x08001476       0x10 Drivers/STM32F4xx_HAL_Driver/Src/stm32f4xx_hal_tim.o
 .text.HAL_TIM_Base_Start_IT
                0x08001486       0x22 Drivers/STM32F4xx_HAL_Driver/Src/stm32f4xx_hal_tim.o
                0x08001486                HAL_TIM_Base_Start_IT
 .text.HAL_TIM_Base_Stop_IT
                0x080014a8       0x2c Drivers/STM32F4xx_HAL_Driver/Src/stm32f4xx_hal_tim.o
                0x080014a8                HAL_TIM_Base_Stop_IT
 .text.HAL_TIM_OC_DelayElapsedCallback
                0x080014d4        0x2 Drivers/STM32F4xx_HAL_Driver/Src/stm32f4xx_hal_tim.o
                0x080014d4                HAL_TIM_OC_DelayElapsedCallback
 .text.HAL_TIM_IC_CaptureCallback
                0x080014d6        0x2 Drivers/STM32F4xx_HAL_Driver/Src/stm32f4xx_hal_tim.o
                0x080014d6                HAL_TIM_IC_CaptureCallback
 .text.HAL_TIM_PWM_PulseFinishedCallback
                0x080014d8        0x2 Drivers/STM32F4xx_HAL_Driver/Src/stm32f4xx_hal_tim.o
                0x080014d8                HAL_TIM_PWM_PulseFinishedCallback
 .text.HAL_TIM_TriggerCallback
                0x080014da        0x2 Drivers/STM32F4xx_HAL_Driver/Src/stm32f4xx_hal_tim.o
                0x080014da                HAL_TIM_TriggerCallback
 .text.HAL_TIM_IRQHandler
                0x080014dc      0x17a Drivers/STM32F4xx_HAL_Driver/Src/stm32f4xx_hal_tim.o
                0x080014dc                HAL_TIM_IRQHandler
 *fill*         0x08001656        0x2 
 .text.TIM_Base_SetConfig
                0x08001658       0x9c Drivers/STM32F4xx_HAL_Driver/Src/stm32f4xx_hal_tim.o
                0x08001658                TIM_Base_SetConfig
 .text.HAL_TIM_Base_Init
                0x080016f4       0x32 Drivers/STM32F4xx_HAL_Driver/Src/stm32f4xx_hal_tim.o
                0x080016f4                HAL_TIM_Base_Init
 .text.TIM_ETR_SetConfig
                0x08001726       0x18 Drivers/STM32F4xx_HAL_Driver/Src/stm32f4xx_hal_tim.o
                0x08001726                TIM_ETR_SetConfig
 .text.HAL_TIM_ConfigClockSource
                0x0800173e       0xda Drivers/STM32F4xx_HAL_Driver/Src/stm32f4xx_hal_tim.o
                0x0800173e                HAL_TIM_ConfigClockSource
 .text.HAL_TIMEx_MasterConfigSynchronization
                0x08001818       0x78 Drivers/STM32F4xx_HAL_Driver/Src/stm32f4xx_hal_tim_ex.o
                0x08001818                HAL_TIMEx_MasterConfigSynchronization
 .text.HAL_TIMEx_CommutCallback
                0x08001890        0x2 Drivers/STM32F4xx_HAL_Driver/Src/stm32f4xx_hal_tim_ex.o
                0x08001890                HAL_TIMEx_CommutCallback
 .text.HAL_TIMEx_BreakCallback
                0x08001892        0x2 Drivers/STM32F4xx_HAL_Driver/Src/stm32f4xx_hal_tim_ex.o
                0x08001892                HAL_TIMEx_BreakCallback
 .text.MX_GPIO_Init
                0x08001894       0x80 Src/gpio.o
                0x08001894                MX_GPIO_Init
 .text.MX_I2C1_Init
                0x08001914       0x3c Src/i2c.o
                0x08001914                MX_I2C1_Init
 .text.HAL_I2C_MspInit
                0x08001950       0x70 Src/i2c.o
                0x08001950                HAL_I2C_MspInit
 .text.lcd_write
                0x080019c0       0x50 Src/lcd_i2c.o
                0x080019c0                lcd_write
 .text.lcd_clear
                0x08001a10       0x18 Src/lcd_i2c.o
                0x08001a10                lcd_clear
 .text.lcd_init
                0x08001a28       0x5c Src/lcd_i2c.o
                0x08001a28                lcd_init
 .text.lcd_display
                0x08001a84       0x60 Src/lcd_i2c.o
                0x08001a84                lcd_display
 .text.HAL_GPIO_EXTI_Callback
                0x08001ae4       0x98 Src/main.o
                0x08001ae4                HAL_GPIO_EXTI_Callback
 .text.HAL_TIM_PeriodElapsedCallback
                0x08001b7c      0x154 Src/main.o
                0x08001b7c                HAL_TIM_PeriodElapsedCallback
 .text.SystemClock_Config
                0x08001cd0       0x94 Src/main.o
                0x08001cd0                SystemClock_Config
 .text.main     0x08001d64      0x100 Src/main.o
                0x08001d64                main
 .text.Error_Handler
                0x08001e64        0x2 Src/main.o
                0x08001e64                Error_Handler
 *fill*         0x08001e66        0x2 
 .text.HAL_MspInit
                0x08001e68       0x38 Src/stm32f4xx_hal_msp.o
                0x08001e68                HAL_MspInit
 .text.NMI_Handler
                0x08001ea0        0x2 Src/stm32f4xx_it.o
                0x08001ea0                NMI_Handler
 .text.HardFault_Handler
                0x08001ea2        0x2 Src/stm32f4xx_it.o
                0x08001ea2                HardFault_Handler
 .text.MemManage_Handler
                0x08001ea4        0x2 Src/stm32f4xx_it.o
                0x08001ea4                MemManage_Handler
 .text.BusFault_Handler
                0x08001ea6        0x2 Src/stm32f4xx_it.o
                0x08001ea6                BusFault_Handler
 .text.UsageFault_Handler
                0x08001ea8        0x2 Src/stm32f4xx_it.o
                0x08001ea8                UsageFault_Handler
 .text.SVC_Handler
                0x08001eaa        0x2 Src/stm32f4xx_it.o
                0x08001eaa                SVC_Handler
 .text.DebugMon_Handler
                0x08001eac        0x2 Src/stm32f4xx_it.o
                0x08001eac                DebugMon_Handler
 .text.PendSV_Handler
                0x08001eae        0x2 Src/stm32f4xx_it.o
                0x08001eae                PendSV_Handler
 .text.SysTick_Handler
                0x08001eb0        0x8 Src/stm32f4xx_it.o
                0x08001eb0                SysTick_Handler
 .text.TIM1_UP_TIM10_IRQHandler
                0x08001eb8       0x18 Src/stm32f4xx_it.o
                0x08001eb8                TIM1_UP_TIM10_IRQHandler
 .text.EXTI15_10_IRQHandler
                0x08001ed0       0x1c Src/stm32f4xx_it.o
                0x08001ed0                EXTI15_10_IRQHandler
 .text.TIM5_IRQHandler
                0x08001eec       0x10 Src/stm32f4xx_it.o
                0x08001eec                TIM5_IRQHandler
 .text.SystemInit
                0x08001efc       0x1c Src/system_stm32f4xx.o
                0x08001efc                SystemInit
 .text.MX_TIM1_Init
                0x08001f18       0x80 Src/tim.o
                0x08001f18                MX_TIM1_Init
 .text.MX_TIM5_Init
                0x08001f98       0x7c Src/tim.o
                0x08001f98                MX_TIM5_Init
 .text.MX_TIM10_Init
                0x08002014       0x3c Src/tim.o
                0x08002014                MX_TIM10_Init
 .text.HAL_TIM_Base_MspInit
                0x08002050       0xa8 Src/tim.o
                0x08002050                HAL_TIM_Base_MspInit
 .text.Reset_Handler
                0x080020f8       0x50 startup/startup_stm32f411xe.o
                0x080020f8                Reset_Handler
 .text.Default_Handler
                0x08002148        0x2 startup/startup_stm32f411xe.o
                0x08002148                RTC_Alarm_IRQHandler
                0x08002148                EXTI2_IRQHandler
                0x08002148                SPI4_IRQHandler
                0x08002148                TIM1_CC_IRQHandler
                0x08002148                DMA2_Stream5_IRQHandler
                0x08002148                DMA1_Stream5_IRQHandler
                0x08002148                PVD_IRQHandler
                0x08002148                SDIO_IRQHandler
                0x08002148                TAMP_STAMP_IRQHandler
                0x08002148                EXTI3_IRQHandler
                0x08002148                I2C3_ER_IRQHandler
                0x08002148                EXTI0_IRQHandler
                0x08002148                I2C2_EV_IRQHandler
                0x08002148                DMA1_Stream2_IRQHandler
                0x08002148                FPU_IRQHandler
                0x08002148                DMA2_Stream2_IRQHandler
                0x08002148                SPI1_IRQHandler
                0x08002148                TIM1_BRK_TIM9_IRQHandler
                0x08002148                DMA2_Stream3_IRQHandler
                0x08002148                USART6_IRQHandler
                0x08002148                DMA2_Stream0_IRQHandler
                0x08002148                TIM4_IRQHandler
                0x08002148                I2C1_EV_IRQHandler
                0x08002148                DMA1_Stream6_IRQHandler
                0x08002148                DMA1_Stream1_IRQHandler
                0x08002148                TIM3_IRQHandler
                0x08002148                RCC_IRQHandler
                0x08002148                Default_Handler
                0x08002148                ADC_IRQHandler
                0x08002148                DMA1_Stream7_IRQHandler
                0x08002148                SPI5_IRQHandler
                0x08002148                DMA2_Stream7_IRQHandler
                0x08002148                I2C3_EV_IRQHandler
                0x08002148                EXTI9_5_IRQHandler
                0x08002148                RTC_WKUP_IRQHandler
                0x08002148                SPI2_IRQHandler
                0x08002148                DMA1_Stream0_IRQHandler
                0x08002148                EXTI4_IRQHandler
                0x08002148                WWDG_IRQHandler
                0x08002148                TIM2_IRQHandler
                0x08002148                OTG_FS_WKUP_IRQHandler
                0x08002148                TIM1_TRG_COM_TIM11_IRQHandler
                0x08002148                EXTI1_IRQHandler
                0x08002148                USART2_IRQHandler
                0x08002148                I2C2_ER_IRQHandler
                0x08002148                DMA2_Stream1_IRQHandler
                0x08002148                FLASH_IRQHandler
                0x08002148                DMA2_Stream4_IRQHandler
                0x08002148                USART1_IRQHandler
                0x08002148                OTG_FS_IRQHandler
                0x08002148                SPI3_IRQHandler
                0x08002148                DMA1_Stream4_IRQHandler
                0x08002148                I2C1_ER_IRQHandler
                0x08002148                DMA2_Stream6_IRQHandler
                0x08002148                DMA1_Stream3_IRQHandler
 *fill*         0x0800214a        0x2 
 .text.__libc_init_array
                0x0800214c       0x48 d:/stm_systemworkbench/plugins/fr.ac6.mcu.externaltools.arm-none.win32_1.17.0.201812190825/tools/compiler/bin/../lib/gcc/arm-none-eabi/7.3.1/../../../../arm-none-eabi/lib/thumb/v7e-m/fpv4-sp/hard\libc_nano.a(lib_a-init.o)
                0x0800214c                __libc_init_array
 .text.memset   0x08002194       0x10 d:/stm_systemworkbench/plugins/fr.ac6.mcu.externaltools.arm-none.win32_1.17.0.201812190825/tools/compiler/bin/../lib/gcc/arm-none-eabi/7.3.1/../../../../arm-none-eabi/lib/thumb/v7e-m/fpv4-sp/hard\libc_nano.a(lib_a-memset.o)
                0x08002194                memset
 *(.glue_7)
 .glue_7        0x080021a4        0x0 linker stubs
 *(.glue_7t)
 .glue_7t       0x080021a4        0x0 linker stubs
 *(.eh_frame)
 .eh_frame      0x080021a4        0x0 d:/stm_systemworkbench/plugins/fr.ac6.mcu.externaltools.arm-none.win32_1.17.0.201812190825/tools/compiler/bin/../lib/gcc/arm-none-eabi/7.3.1/thumb/v7e-m/fpv4-sp/hard/crtbegin.o
 *(.init)
 .init          0x080021a4        0x4 d:/stm_systemworkbench/plugins/fr.ac6.mcu.externaltools.arm-none.win32_1.17.0.201812190825/tools/compiler/bin/../lib/gcc/arm-none-eabi/7.3.1/thumb/v7e-m/fpv4-sp/hard/crti.o
                0x080021a4                _init
 .init          0x080021a8        0x8 d:/stm_systemworkbench/plugins/fr.ac6.mcu.externaltools.arm-none.win32_1.17.0.201812190825/tools/compiler/bin/../lib/gcc/arm-none-eabi/7.3.1/thumb/v7e-m/fpv4-sp/hard/crtn.o
 *(.fini)
 .fini          0x080021b0        0x4 d:/stm_systemworkbench/plugins/fr.ac6.mcu.externaltools.arm-none.win32_1.17.0.201812190825/tools/compiler/bin/../lib/gcc/arm-none-eabi/7.3.1/thumb/v7e-m/fpv4-sp/hard/crti.o
                0x080021b0                _fini
 .fini          0x080021b4        0x8 d:/stm_systemworkbench/plugins/fr.ac6.mcu.externaltools.arm-none.win32_1.17.0.201812190825/tools/compiler/bin/../lib/gcc/arm-none-eabi/7.3.1/thumb/v7e-m/fpv4-sp/hard/crtn.o
                0x080021bc                . = ALIGN (0x4)
                0x080021bc                _etext = .

.vfp11_veneer   0x080021bc        0x0
 .vfp11_veneer  0x080021bc        0x0 linker stubs

.v4_bx          0x080021bc        0x0
 .v4_bx         0x080021bc        0x0 linker stubs

.iplt           0x080021bc        0x0
 .iplt          0x080021bc        0x0 d:/stm_systemworkbench/plugins/fr.ac6.mcu.externaltools.arm-none.win32_1.17.0.201812190825/tools/compiler/bin/../lib/gcc/arm-none-eabi/7.3.1/thumb/v7e-m/fpv4-sp/hard/crtbegin.o

.rodata         0x080021bc       0x40
                0x080021bc                . = ALIGN (0x4)
 *(.rodata)
 .rodata        0x080021bc       0x18 Src/system_stm32f4xx.o
                0x080021bc                AHBPrescTable
                0x080021cc                APBPrescTable
 *(.rodata*)
 .rodata.str1.4
                0x080021d4       0x28 Src/main.o
                                 0x27 (size before relaxing)
                0x080021fc                . = ALIGN (0x4)

.ARM.extab
 *(.ARM.extab* .gnu.linkonce.armextab.*)

.ARM            0x080021fc        0x8
                0x080021fc                __exidx_start = .
 *(.ARM.exidx*)
 .ARM.exidx     0x080021fc        0x8 d:/stm_systemworkbench/plugins/fr.ac6.mcu.externaltools.arm-none.win32_1.17.0.201812190825/tools/compiler/bin/../lib/gcc/arm-none-eabi/7.3.1/thumb/v7e-m/fpv4-sp/hard\libgcc.a(_udivmoddi4.o)
                0x08002204                __exidx_end = .

.rel.dyn        0x08002204        0x0
 .rel.iplt      0x08002204        0x0 d:/stm_systemworkbench/plugins/fr.ac6.mcu.externaltools.arm-none.win32_1.17.0.201812190825/tools/compiler/bin/../lib/gcc/arm-none-eabi/7.3.1/thumb/v7e-m/fpv4-sp/hard/crtbegin.o

.preinit_array  0x08002204        0x0
                0x08002204                PROVIDE (__preinit_array_start = .)
 *(.preinit_array*)
                0x08002204                PROVIDE (__preinit_array_end = .)

.init_array     0x08002204        0x4
                0x08002204                PROVIDE (__init_array_start = .)
 *(SORT_BY_NAME(.init_array.*))
 *(.init_array*)
 .init_array    0x08002204        0x4 d:/stm_systemworkbench/plugins/fr.ac6.mcu.externaltools.arm-none.win32_1.17.0.201812190825/tools/compiler/bin/../lib/gcc/arm-none-eabi/7.3.1/thumb/v7e-m/fpv4-sp/hard/crtbegin.o
                0x08002208                PROVIDE (__init_array_end = .)

.fini_array     0x08002208        0x4
                [!provide]                PROVIDE (__fini_array_start = .)
 *(SORT_BY_NAME(.fini_array.*))
 *(.fini_array*)
 .fini_array    0x08002208        0x4 d:/stm_systemworkbench/plugins/fr.ac6.mcu.externaltools.arm-none.win32_1.17.0.201812190825/tools/compiler/bin/../lib/gcc/arm-none-eabi/7.3.1/thumb/v7e-m/fpv4-sp/hard/crtbegin.o
                [!provide]                PROVIDE (__fini_array_end = .)
                0x0800220c                _sidata = LOADADDR (.data)

.data           0x20000000       0x18 load address 0x0800220c
                0x20000000                . = ALIGN (0x4)
                0x20000000                _sdata = .
 *(.data)
 .data          0x20000000        0x8 Drivers/STM32F4xx_HAL_Driver/Src/stm32f4xx_hal.o
                0x20000000                uwTickFreq
                0x20000004                uwTickPrio
 .data          0x20000008        0xc Src/main.o
                0x20000008                button_used
                0x2000000c                password
                0x20000010                password_correct
 .data          0x20000014        0x4 Src/system_stm32f4xx.o
                0x20000014                SystemCoreClock
 *(.data*)
                0x20000018                . = ALIGN (0x4)
                0x20000018                _edata = .

.igot.plt       0x20000018        0x0 load address 0x08002224
 .igot.plt      0x20000018        0x0 d:/stm_systemworkbench/plugins/fr.ac6.mcu.externaltools.arm-none.win32_1.17.0.201812190825/tools/compiler/bin/../lib/gcc/arm-none-eabi/7.3.1/thumb/v7e-m/fpv4-sp/hard/crtbegin.o
                0x20000018                . = ALIGN (0x4)

.bss            0x20000018      0x160 load address 0x08002224
                0x20000018                _sbss = .
                0x20000018                __bss_start__ = _sbss
 *(.bss)
 .bss           0x20000018       0x1c d:/stm_systemworkbench/plugins/fr.ac6.mcu.externaltools.arm-none.win32_1.17.0.201812190825/tools/compiler/bin/../lib/gcc/arm-none-eabi/7.3.1/thumb/v7e-m/fpv4-sp/hard/crtbegin.o
 .bss           0x20000034        0x2 Src/main.o
                0x20000034                state
                0x20000035                changed
 *(.bss*)
 *(COMMON)
 *fill*         0x20000036        0x2 
 COMMON         0x20000038        0x4 Drivers/STM32F4xx_HAL_Driver/Src/stm32f4xx_hal.o
                0x20000038                uwTick
 COMMON         0x2000003c       0x54 Src/i2c.o
                0x2000003c                hi2c1
 COMMON         0x20000090       0x28 Src/main.o
                0x20000090                button_clicked
                0x20000094                disp
 COMMON         0x200000b8       0xc0 Src/tim.o
                0x200000b8                htim10
                0x200000f8                htim5
                0x20000138                htim1
                0x20000178                . = ALIGN (0x4)
                0x20000178                _ebss = .
                0x20000178                __bss_end__ = _ebss

._user_heap_stack
                0x20000178      0x600 load address 0x08002224
                0x20000178                . = ALIGN (0x8)
                0x20000178                PROVIDE (end = .)
                [!provide]                PROVIDE (_end = .)
                0x20000378                . = (. + _Min_Heap_Size)
 *fill*         0x20000178      0x200 
                0x20000778                . = (. + _Min_Stack_Size)
 *fill*         0x20000378      0x400 
                0x20000778                . = ALIGN (0x8)

/DISCARD/
 libc.a(*)
 libm.a(*)
 libgcc.a(*)

.ARM.attributes
                0x00000000       0x30
 *(.ARM.attributes)
 .ARM.attributes
                0x00000000       0x22 d:/stm_systemworkbench/plugins/fr.ac6.mcu.externaltools.arm-none.win32_1.17.0.201812190825/tools/compiler/bin/../lib/gcc/arm-none-eabi/7.3.1/thumb/v7e-m/fpv4-sp/hard/crti.o
 .ARM.attributes
                0x00000022       0x34 d:/stm_systemworkbench/plugins/fr.ac6.mcu.externaltools.arm-none.win32_1.17.0.201812190825/tools/compiler/bin/../lib/gcc/arm-none-eabi/7.3.1/thumb/v7e-m/fpv4-sp/hard/crtbegin.o
 .ARM.attributes
                0x00000056       0x39 Drivers/STM32F4xx_HAL_Driver/Src/stm32f4xx_hal.o
 .ARM.attributes
                0x0000008f       0x39 Drivers/STM32F4xx_HAL_Driver/Src/stm32f4xx_hal_cortex.o
 .ARM.attributes
                0x000000c8       0x39 Drivers/STM32F4xx_HAL_Driver/Src/stm32f4xx_hal_gpio.o
 .ARM.attributes
                0x00000101       0x39 Drivers/STM32F4xx_HAL_Driver/Src/stm32f4xx_hal_i2c.o
 .ARM.attributes
                0x0000013a       0x39 Drivers/STM32F4xx_HAL_Driver/Src/stm32f4xx_hal_rcc.o
 .ARM.attributes
                0x00000173       0x39 Drivers/STM32F4xx_HAL_Driver/Src/stm32f4xx_hal_tim.o
 .ARM.attributes
                0x000001ac       0x39 Drivers/STM32F4xx_HAL_Driver/Src/stm32f4xx_hal_tim_ex.o
 .ARM.attributes
                0x000001e5       0x39 Src/gpio.o
 .ARM.attributes
                0x0000021e       0x39 Src/i2c.o
 .ARM.attributes
                0x00000257       0x39 Src/lcd_i2c.o
 .ARM.attributes
                0x00000290       0x39 Src/main.o
 .ARM.attributes
                0x000002c9       0x39 Src/stm32f4xx_hal_msp.o
 .ARM.attributes
                0x00000302       0x39 Src/stm32f4xx_it.o
 .ARM.attributes
                0x0000033b       0x39 Src/system_stm32f4xx.o
 .ARM.attributes
                0x00000374       0x39 Src/tim.o
 .ARM.attributes
                0x000003ad       0x21 startup/startup_stm32f411xe.o
 .ARM.attributes
                0x000003ce       0x22 d:/stm_systemworkbench/plugins/fr.ac6.mcu.externaltools.arm-none.win32_1.17.0.201812190825/tools/compiler/bin/../lib/gcc/arm-none-eabi/7.3.1/thumb/v7e-m/fpv4-sp/hard\libgcc.a(_aeabi_uldivmod.o)
 .ARM.attributes
                0x000003f0       0x34 d:/stm_systemworkbench/plugins/fr.ac6.mcu.externaltools.arm-none.win32_1.17.0.201812190825/tools/compiler/bin/../lib/gcc/arm-none-eabi/7.3.1/thumb/v7e-m/fpv4-sp/hard\libgcc.a(_udivmoddi4.o)
 .ARM.attributes
                0x00000424       0x22 d:/stm_systemworkbench/plugins/fr.ac6.mcu.externaltools.arm-none.win32_1.17.0.201812190825/tools/compiler/bin/../lib/gcc/arm-none-eabi/7.3.1/thumb/v7e-m/fpv4-sp/hard\libgcc.a(_dvmd_tls.o)
 .ARM.attributes
                0x00000446       0x34 d:/stm_systemworkbench/plugins/fr.ac6.mcu.externaltools.arm-none.win32_1.17.0.201812190825/tools/compiler/bin/../lib/gcc/arm-none-eabi/7.3.1/../../../../arm-none-eabi/lib/thumb/v7e-m/fpv4-sp/hard\libc_nano.a(lib_a-init.o)
 .ARM.attributes
                0x0000047a       0x34 d:/stm_systemworkbench/plugins/fr.ac6.mcu.externaltools.arm-none.win32_1.17.0.201812190825/tools/compiler/bin/../lib/gcc/arm-none-eabi/7.3.1/../../../../arm-none-eabi/lib/thumb/v7e-m/fpv4-sp/hard\libc_nano.a(lib_a-memset.o)
 .ARM.attributes
                0x000004ae       0x22 d:/stm_systemworkbench/plugins/fr.ac6.mcu.externaltools.arm-none.win32_1.17.0.201812190825/tools/compiler/bin/../lib/gcc/arm-none-eabi/7.3.1/thumb/v7e-m/fpv4-sp/hard/crtn.o
OUTPUT(SYSTEM_ALARMOWY_v3.elf elf32-littlearm)

.debug_info     0x00000000     0xf6bf
 .debug_info    0x00000000      0x981 Drivers/STM32F4xx_HAL_Driver/Src/stm32f4xx_hal.o
 .debug_info    0x00000981      0xefc Drivers/STM32F4xx_HAL_Driver/Src/stm32f4xx_hal_cortex.o
 .debug_info    0x0000187d      0x7e4 Drivers/STM32F4xx_HAL_Driver/Src/stm32f4xx_hal_gpio.o
 .debug_info    0x00002061     0x3329 Drivers/STM32F4xx_HAL_Driver/Src/stm32f4xx_hal_i2c.o
 .debug_info    0x0000538a      0xaba Drivers/STM32F4xx_HAL_Driver/Src/stm32f4xx_hal_rcc.o
 .debug_info    0x00005e44     0x31d3 Drivers/STM32F4xx_HAL_Driver/Src/stm32f4xx_hal_tim.o
 .debug_info    0x00009017     0x14e1 Drivers/STM32F4xx_HAL_Driver/Src/stm32f4xx_hal_tim_ex.o
 .debug_info    0x0000a4f8      0x6c8 Src/gpio.o
 .debug_info    0x0000abc0      0xa96 Src/i2c.o
 .debug_info    0x0000b656      0x96c Src/lcd_i2c.o
 .debug_info    0x0000bfc2     0x188a Src/main.o
 .debug_info    0x0000d84c      0x38c Src/stm32f4xx_hal_msp.o
 .debug_info    0x0000dbd8      0x7c6 Src/stm32f4xx_it.o
 .debug_info    0x0000e39e      0x583 Src/system_stm32f4xx.o
 .debug_info    0x0000e921      0xd7c Src/tim.o
 .debug_info    0x0000f69d       0x22 startup/startup_stm32f411xe.o

.debug_abbrev   0x00000000     0x1e8b
 .debug_abbrev  0x00000000      0x218 Drivers/STM32F4xx_HAL_Driver/Src/stm32f4xx_hal.o
 .debug_abbrev  0x00000218      0x328 Drivers/STM32F4xx_HAL_Driver/Src/stm32f4xx_hal_cortex.o
 .debug_abbrev  0x00000540      0x1e7 Drivers/STM32F4xx_HAL_Driver/Src/stm32f4xx_hal_gpio.o
 .debug_abbrev  0x00000727      0x284 Drivers/STM32F4xx_HAL_Driver/Src/stm32f4xx_hal_i2c.o
 .debug_abbrev  0x000009ab      0x273 Drivers/STM32F4xx_HAL_Driver/Src/stm32f4xx_hal_rcc.o
 .debug_abbrev  0x00000c1e      0x235 Drivers/STM32F4xx_HAL_Driver/Src/stm32f4xx_hal_tim.o
 .debug_abbrev  0x00000e53      0x246 Drivers/STM32F4xx_HAL_Driver/Src/stm32f4xx_hal_tim_ex.o
 .debug_abbrev  0x00001099      0x17c Src/gpio.o
 .debug_abbrev  0x00001215      0x1c9 Src/i2c.o
 .debug_abbrev  0x000013de      0x1d3 Src/lcd_i2c.o
 .debug_abbrev  0x000015b1      0x2f5 Src/main.o
 .debug_abbrev  0x000018a6      0x109 Src/stm32f4xx_hal_msp.o
 .debug_abbrev  0x000019af      0x1bc Src/stm32f4xx_it.o
 .debug_abbrev  0x00001b6b      0x12b Src/system_stm32f4xx.o
 .debug_abbrev  0x00001c96      0x1e3 Src/tim.o
 .debug_abbrev  0x00001e79       0x12 startup/startup_stm32f411xe.o

.debug_loc      0x00000000     0x9604
 .debug_loc     0x00000000      0x11b Drivers/STM32F4xx_HAL_Driver/Src/stm32f4xx_hal.o
 .debug_loc     0x0000011b      0x5ce Drivers/STM32F4xx_HAL_Driver/Src/stm32f4xx_hal_cortex.o
 .debug_loc     0x000006e9      0x476 Drivers/STM32F4xx_HAL_Driver/Src/stm32f4xx_hal_gpio.o
 .debug_loc     0x00000b5f     0x3718 Drivers/STM32F4xx_HAL_Driver/Src/stm32f4xx_hal_i2c.o
 .debug_loc     0x00004277      0x40f Drivers/STM32F4xx_HAL_Driver/Src/stm32f4xx_hal_rcc.o
 .debug_loc     0x00004686     0x38f0 Drivers/STM32F4xx_HAL_Driver/Src/stm32f4xx_hal_tim.o
 .debug_loc     0x00007f76     0x11a0 Drivers/STM32F4xx_HAL_Driver/Src/stm32f4xx_hal_tim_ex.o
 .debug_loc     0x00009116       0x74 Src/i2c.o
 .debug_loc     0x0000918a      0x1cf Src/lcd_i2c.o
 .debug_loc     0x00009359       0xbc Src/main.o
 .debug_loc     0x00009415      0x13e Src/system_stm32f4xx.o
 .debug_loc     0x00009553       0xb1 Src/tim.o

.debug_aranges  0x00000000      0xbf8
 .debug_aranges
                0x00000000       0xf0 Drivers/STM32F4xx_HAL_Driver/Src/stm32f4xx_hal.o
 .debug_aranges
                0x000000f0       0xa8 Drivers/STM32F4xx_HAL_Driver/Src/stm32f4xx_hal_cortex.o
 .debug_aranges
                0x00000198       0x58 Drivers/STM32F4xx_HAL_Driver/Src/stm32f4xx_hal_gpio.o
 .debug_aranges
                0x000001f0      0x298 Drivers/STM32F4xx_HAL_Driver/Src/stm32f4xx_hal_i2c.o
 .debug_aranges
                0x00000488       0x88 Drivers/STM32F4xx_HAL_Driver/Src/stm32f4xx_hal_rcc.o
 .debug_aranges
                0x00000510      0x3a8 Drivers/STM32F4xx_HAL_Driver/Src/stm32f4xx_hal_tim.o
 .debug_aranges
                0x000008b8      0x150 Drivers/STM32F4xx_HAL_Driver/Src/stm32f4xx_hal_tim_ex.o
 .debug_aranges
                0x00000a08       0x20 Src/gpio.o
 .debug_aranges
                0x00000a28       0x30 Src/i2c.o
 .debug_aranges
                0x00000a58       0x38 Src/lcd_i2c.o
 .debug_aranges
                0x00000a90       0x40 Src/main.o
 .debug_aranges
                0x00000ad0       0x20 Src/stm32f4xx_hal_msp.o
 .debug_aranges
                0x00000af0       0x78 Src/stm32f4xx_it.o
 .debug_aranges
                0x00000b68       0x28 Src/system_stm32f4xx.o
 .debug_aranges
                0x00000b90       0x40 Src/tim.o
 .debug_aranges
                0x00000bd0       0x28 startup/startup_stm32f411xe.o

.debug_ranges   0x00000000      0xb90
 .debug_ranges  0x00000000       0xe0 Drivers/STM32F4xx_HAL_Driver/Src/stm32f4xx_hal.o
 .debug_ranges  0x000000e0       0xf8 Drivers/STM32F4xx_HAL_Driver/Src/stm32f4xx_hal_cortex.o
 .debug_ranges  0x000001d8       0x48 Drivers/STM32F4xx_HAL_Driver/Src/stm32f4xx_hal_gpio.o
 .debug_ranges  0x00000220      0x2a0 Drivers/STM32F4xx_HAL_Driver/Src/stm32f4xx_hal_i2c.o
 .debug_ranges  0x000004c0       0x90 Drivers/STM32F4xx_HAL_Driver/Src/stm32f4xx_hal_rcc.o
 .debug_ranges  0x00000550      0x398 Drivers/STM32F4xx_HAL_Driver/Src/stm32f4xx_hal_tim.o
 .debug_ranges  0x000008e8      0x140 Drivers/STM32F4xx_HAL_Driver/Src/stm32f4xx_hal_tim_ex.o
 .debug_ranges  0x00000a28       0x10 Src/gpio.o
 .debug_ranges  0x00000a38       0x20 Src/i2c.o
 .debug_ranges  0x00000a58       0x28 Src/lcd_i2c.o
 .debug_ranges  0x00000a80       0x30 Src/main.o
 .debug_ranges  0x00000ab0       0x10 Src/stm32f4xx_hal_msp.o
 .debug_ranges  0x00000ac0       0x68 Src/stm32f4xx_it.o
 .debug_ranges  0x00000b28       0x18 Src/system_stm32f4xx.o
 .debug_ranges  0x00000b40       0x30 Src/tim.o
 .debug_ranges  0x00000b70       0x20 startup/startup_stm32f411xe.o

.debug_macro    0x00000000    0x168b0
 .debug_macro   0x00000000      0x23d Drivers/STM32F4xx_HAL_Driver/Src/stm32f4xx_hal.o
 .debug_macro   0x0000023d      0xa54 Drivers/STM32F4xx_HAL_Driver/Src/stm32f4xx_hal.o
 .debug_macro   0x00000c91      0x18a Drivers/STM32F4xx_HAL_Driver/Src/stm32f4xx_hal.o
 .debug_macro   0x00000e1b       0x2e Drivers/STM32F4xx_HAL_Driver/Src/stm32f4xx_hal.o
 .debug_macro   0x00000e49       0x28 Drivers/STM32F4xx_HAL_Driver/Src/stm32f4xx_hal.o
 .debug_macro   0x00000e71       0x22 Drivers/STM32F4xx_HAL_Driver/Src/stm32f4xx_hal.o
 .debug_macro   0x00000e93       0x8e Drivers/STM32F4xx_HAL_Driver/Src/stm32f4xx_hal.o
 .debug_macro   0x00000f21       0x51 Drivers/STM32F4xx_HAL_Driver/Src/stm32f4xx_hal.o
 .debug_macro   0x00000f72       0xef Drivers/STM32F4xx_HAL_Driver/Src/stm32f4xx_hal.o
 .debug_macro   0x00001061       0x6a Drivers/STM32F4xx_HAL_Driver/Src/stm32f4xx_hal.o
 .debug_macro   0x000010cb      0x1df Drivers/STM32F4xx_HAL_Driver/Src/stm32f4xx_hal.o
 .debug_macro   0x000012aa       0x1c Drivers/STM32F4xx_HAL_Driver/Src/stm32f4xx_hal.o
 .debug_macro   0x000012c6       0x22 Drivers/STM32F4xx_HAL_Driver/Src/stm32f4xx_hal.o
 .debug_macro   0x000012e8       0xdf Drivers/STM32F4xx_HAL_Driver/Src/stm32f4xx_hal.o
 .debug_macro   0x000013c7     0x102d Drivers/STM32F4xx_HAL_Driver/Src/stm32f4xx_hal.o
 .debug_macro   0x000023f4      0x11f Drivers/STM32F4xx_HAL_Driver/Src/stm32f4xx_hal.o
 .debug_macro   0x00002513     0xb937 Drivers/STM32F4xx_HAL_Driver/Src/stm32f4xx_hal.o
 .debug_macro   0x0000de4a       0x43 Drivers/STM32F4xx_HAL_Driver/Src/stm32f4xx_hal.o
 .debug_macro   0x0000de8d     0x3659 Drivers/STM32F4xx_HAL_Driver/Src/stm32f4xx_hal.o
 .debug_macro   0x000114e6      0x174 Drivers/STM32F4xx_HAL_Driver/Src/stm32f4xx_hal.o
 .debug_macro   0x0001165a       0x5a Drivers/STM32F4xx_HAL_Driver/Src/stm32f4xx_hal.o
 .debug_macro   0x000116b4      0x447 Drivers/STM32F4xx_HAL_Driver/Src/stm32f4xx_hal.o
 .debug_macro   0x00011afb      0x9fe Drivers/STM32F4xx_HAL_Driver/Src/stm32f4xx_hal.o
 .debug_macro   0x000124f9      0x15f Drivers/STM32F4xx_HAL_Driver/Src/stm32f4xx_hal.o
 .debug_macro   0x00012658      0x117 Drivers/STM32F4xx_HAL_Driver/Src/stm32f4xx_hal.o
 .debug_macro   0x0001276f      0x11b Drivers/STM32F4xx_HAL_Driver/Src/stm32f4xx_hal.o
 .debug_macro   0x0001288a       0x27 Drivers/STM32F4xx_HAL_Driver/Src/stm32f4xx_hal.o
 .debug_macro   0x000128b1      0x287 Drivers/STM32F4xx_HAL_Driver/Src/stm32f4xx_hal.o
 .debug_macro   0x00012b38       0x5f Drivers/STM32F4xx_HAL_Driver/Src/stm32f4xx_hal.o
 .debug_macro   0x00012b97      0x236 Drivers/STM32F4xx_HAL_Driver/Src/stm32f4xx_hal.o
 .debug_macro   0x00012dcd      0x132 Drivers/STM32F4xx_HAL_Driver/Src/stm32f4xx_hal.o
 .debug_macro   0x00012eff      0x264 Drivers/STM32F4xx_HAL_Driver/Src/stm32f4xx_hal.o
 .debug_macro   0x00013163       0x2e Drivers/STM32F4xx_HAL_Driver/Src/stm32f4xx_hal.o
 .debug_macro   0x00013191      0x1b5 Drivers/STM32F4xx_HAL_Driver/Src/stm32f4xx_hal.o
 .debug_macro   0x00013346       0x22 Drivers/STM32F4xx_HAL_Driver/Src/stm32f4xx_hal.o
 .debug_macro   0x00013368       0xd6 Drivers/STM32F4xx_HAL_Driver/Src/stm32f4xx_hal.o
 .debug_macro   0x0001343e      0x11a Drivers/STM32F4xx_HAL_Driver/Src/stm32f4xx_hal.o
 .debug_macro   0x00013558       0x85 Drivers/STM32F4xx_HAL_Driver/Src/stm32f4xx_hal.o
 .debug_macro   0x000135dd       0x89 Drivers/STM32F4xx_HAL_Driver/Src/stm32f4xx_hal.o
 .debug_macro   0x00013666      0x8a0 Drivers/STM32F4xx_HAL_Driver/Src/stm32f4xx_hal.o
 .debug_macro   0x00013f06       0x47 Drivers/STM32F4xx_HAL_Driver/Src/stm32f4xx_hal.o
 .debug_macro   0x00013f4d      0x126 Drivers/STM32F4xx_HAL_Driver/Src/stm32f4xx_hal.o
 .debug_macro   0x00014073      0x1dd Drivers/STM32F4xx_HAL_Driver/Src/stm32f4xx_hal_cortex.o
 .debug_macro   0x00014250      0x213 Drivers/STM32F4xx_HAL_Driver/Src/stm32f4xx_hal_gpio.o
 .debug_macro   0x00014463      0x21d Drivers/STM32F4xx_HAL_Driver/Src/stm32f4xx_hal_i2c.o
 .debug_macro   0x00014680      0x201 Drivers/STM32F4xx_HAL_Driver/Src/stm32f4xx_hal_rcc.o
 .debug_macro   0x00014881      0x1de Drivers/STM32F4xx_HAL_Driver/Src/stm32f4xx_hal_tim.o
 .debug_macro   0x00014a5f      0x1dd Drivers/STM32F4xx_HAL_Driver/Src/stm32f4xx_hal_tim_ex.o
 .debug_macro   0x00014c3c      0x1f6 Src/gpio.o
 .debug_macro   0x00014e32       0x3a Src/gpio.o
 .debug_macro   0x00014e6c      0x1f6 Src/i2c.o
 .debug_macro   0x00015062      0x20e Src/lcd_i2c.o
 .debug_macro   0x00015270       0x22 Src/lcd_i2c.o
 .debug_macro   0x00015292       0x58 Src/lcd_i2c.o
 .debug_macro   0x000152ea      0x37c Src/main.o
 .debug_macro   0x00015666       0x5e Src/main.o
 .debug_macro   0x000156c4       0x18 Src/main.o
 .debug_macro   0x000156dc       0x35 Src/main.o
 .debug_macro   0x00015711       0x34 Src/main.o
 .debug_macro   0x00015745       0x16 Src/main.o
 .debug_macro   0x0001575b       0x35 Src/main.o
 .debug_macro   0x00015790      0x32a Src/main.o
 .debug_macro   0x00015aba       0x10 Src/main.o
 .debug_macro   0x00015aca       0x58 Src/main.o
 .debug_macro   0x00015b22       0x1f Src/main.o
 .debug_macro   0x00015b41       0x43 Src/main.o
 .debug_macro   0x00015b84       0x20 Src/main.o
 .debug_macro   0x00015ba4      0x18e Src/main.o
 .debug_macro   0x00015d32       0x10 Src/main.o
 .debug_macro   0x00015d42       0x1c Src/main.o
 .debug_macro   0x00015d5e       0x52 Src/main.o
 .debug_macro   0x00015db0       0x40 Src/main.o
 .debug_macro   0x00015df0       0x10 Src/main.o
 .debug_macro   0x00015e00       0x40 Src/main.o
 .debug_macro   0x00015e40       0xd7 Src/main.o
 .debug_macro   0x00015f17       0x1c Src/main.o
 .debug_macro   0x00015f33       0x3d Src/main.o
 .debug_macro   0x00015f70       0x16 Src/main.o
 .debug_macro   0x00015f86      0x16f Src/main.o
 .debug_macro   0x000160f5      0x1ec Src/stm32f4xx_hal_msp.o
 .debug_macro   0x000162e1      0x1f6 Src/stm32f4xx_it.o
 .debug_macro   0x000164d7      0x1e3 Src/system_stm32f4xx.o
 .debug_macro   0x000166ba      0x1f6 Src/tim.o

.debug_line     0x00000000     0x9eea
 .debug_line    0x00000000      0x8b7 Drivers/STM32F4xx_HAL_Driver/Src/stm32f4xx_hal.o
 .debug_line    0x000008b7      0x909 Drivers/STM32F4xx_HAL_Driver/Src/stm32f4xx_hal_cortex.o
 .debug_line    0x000011c0      0x821 Drivers/STM32F4xx_HAL_Driver/Src/stm32f4xx_hal_gpio.o
 .debug_line    0x000019e1     0x1c46 Drivers/STM32F4xx_HAL_Driver/Src/stm32f4xx_hal_i2c.o
 .debug_line    0x00003627      0x948 Drivers/STM32F4xx_HAL_Driver/Src/stm32f4xx_hal_rcc.o
 .debug_line    0x00003f6f     0x1801 Drivers/STM32F4xx_HAL_Driver/Src/stm32f4xx_hal_tim.o
 .debug_line    0x00005770      0xce8 Drivers/STM32F4xx_HAL_Driver/Src/stm32f4xx_hal_tim_ex.o
 .debug_line    0x00006458      0x6b8 Src/gpio.o
 .debug_line    0x00006b10      0x6ef Src/i2c.o
 .debug_line    0x000071ff      0x72e Src/lcd_i2c.o
 .debug_line    0x0000792d      0x8e9 Src/main.o
 .debug_line    0x00008216      0x6b4 Src/stm32f4xx_hal_msp.o
 .debug_line    0x000088ca      0x77d Src/stm32f4xx_it.o
 .debug_line    0x00009047      0x6d5 Src/system_stm32f4xx.o
 .debug_line    0x0000971c      0x750 Src/tim.o
 .debug_line    0x00009e6c       0x7e startup/startup_stm32f411xe.o

.debug_str      0x00000000    0x8c57a
 .debug_str     0x00000000    0x85519 Drivers/STM32F4xx_HAL_Driver/Src/stm32f4xx_hal.o
                              0x8589c (size before relaxing)
 .debug_str     0x00085519      0x3a8 Drivers/STM32F4xx_HAL_Driver/Src/stm32f4xx_hal_cortex.o
                              0x85634 (size before relaxing)
 .debug_str     0x000858c1      0x28c Drivers/STM32F4xx_HAL_Driver/Src/stm32f4xx_hal_gpio.o
                              0x85121 (size before relaxing)
 .debug_str     0x00085b4d      0xf8f Drivers/STM32F4xx_HAL_Driver/Src/stm32f4xx_hal_i2c.o
                              0x85e83 (size before relaxing)
 .debug_str     0x00086adc      0x36f Drivers/STM32F4xx_HAL_Driver/Src/stm32f4xx_hal_rcc.o
                              0x852f6 (size before relaxing)
 .debug_str     0x00086e4b      0xf2f Drivers/STM32F4xx_HAL_Driver/Src/stm32f4xx_hal_tim.o
                              0x8602f (size before relaxing)
 .debug_str     0x00087d7a      0x4d4 Drivers/STM32F4xx_HAL_Driver/Src/stm32f4xx_hal_tim_ex.o
                              0x85847 (size before relaxing)
 .debug_str     0x0008824e      0x14f Src/gpio.o
                              0x853c1 (size before relaxing)
 .debug_str     0x0008839d       0x3b Src/i2c.o
                              0x85563 (size before relaxing)
 .debug_str     0x000883d8      0x1cf Src/lcd_i2c.o
                              0x8553d (size before relaxing)
 .debug_str     0x000885a7     0x3e1d Src/main.o
                              0x8986e (size before relaxing)
 .debug_str     0x0008c3c4       0x1b Src/stm32f4xx_hal_msp.o
                              0x84f76 (size before relaxing)
 .debug_str     0x0008c3df       0xf6 Src/stm32f4xx_it.o
                              0x853ae (size before relaxing)
 .debug_str     0x0008c4d5       0x5a Src/system_stm32f4xx.o
                              0x84edd (size before relaxing)
 .debug_str     0x0008c52f       0x1c Src/tim.o
                              0x858fb (size before relaxing)
 .debug_str     0x0008c54b       0x2f startup/startup_stm32f411xe.o
                                 0x58 (size before relaxing)

.comment        0x00000000       0x7f
 .comment       0x00000000       0x7f Drivers/STM32F4xx_HAL_Driver/Src/stm32f4xx_hal.o
                                 0x80 (size before relaxing)
 .comment       0x0000007f       0x80 Drivers/STM32F4xx_HAL_Driver/Src/stm32f4xx_hal_cortex.o
 .comment       0x0000007f       0x80 Drivers/STM32F4xx_HAL_Driver/Src/stm32f4xx_hal_gpio.o
 .comment       0x0000007f       0x80 Drivers/STM32F4xx_HAL_Driver/Src/stm32f4xx_hal_i2c.o
 .comment       0x0000007f       0x80 Drivers/STM32F4xx_HAL_Driver/Src/stm32f4xx_hal_rcc.o
 .comment       0x0000007f       0x80 Drivers/STM32F4xx_HAL_Driver/Src/stm32f4xx_hal_tim.o
 .comment       0x0000007f       0x80 Drivers/STM32F4xx_HAL_Driver/Src/stm32f4xx_hal_tim_ex.o
 .comment       0x0000007f       0x80 Src/gpio.o
 .comment       0x0000007f       0x80 Src/i2c.o
 .comment       0x0000007f       0x80 Src/lcd_i2c.o
 .comment       0x0000007f       0x80 Src/main.o
 .comment       0x0000007f       0x80 Src/stm32f4xx_hal_msp.o
 .comment       0x0000007f       0x80 Src/stm32f4xx_it.o
 .comment       0x0000007f       0x80 Src/system_stm32f4xx.o
 .comment       0x0000007f       0x80 Src/tim.o

.debug_frame    0x00000000     0x2134
 .debug_frame   0x00000000      0x1ec Drivers/STM32F4xx_HAL_Driver/Src/stm32f4xx_hal.o
 .debug_frame   0x000001ec      0x15c Drivers/STM32F4xx_HAL_Driver/Src/stm32f4xx_hal_cortex.o
 .debug_frame   0x00000348       0xd8 Drivers/STM32F4xx_HAL_Driver/Src/stm32f4xx_hal_gpio.o
 .debug_frame   0x00000420      0x91c Drivers/STM32F4xx_HAL_Driver/Src/stm32f4xx_hal_i2c.o
 .debug_frame   0x00000d3c      0x184 Drivers/STM32F4xx_HAL_Driver/Src/stm32f4xx_hal_rcc.o
 .debug_frame   0x00000ec0      0xa90 Drivers/STM32F4xx_HAL_Driver/Src/stm32f4xx_hal_tim.o
 .debug_frame   0x00001950      0x3b4 Drivers/STM32F4xx_HAL_Driver/Src/stm32f4xx_hal_tim_ex.o
 .debug_frame   0x00001d04       0x30 Src/gpio.o
 .debug_frame   0x00001d34       0x64 Src/i2c.o
 .debug_frame   0x00001d98       0x80 Src/lcd_i2c.o
 .debug_frame   0x00001e18       0x88 Src/main.o
 .debug_frame   0x00001ea0       0x28 Src/stm32f4xx_hal_msp.o
 .debug_frame   0x00001ec8       0xf0 Src/stm32f4xx_it.o
 .debug_frame   0x00001fb8       0x30 Src/system_stm32f4xx.o
 .debug_frame   0x00001fe8       0xa0 Src/tim.o
 .debug_frame   0x00002088       0x2c d:/stm_systemworkbench/plugins/fr.ac6.mcu.externaltools.arm-none.win32_1.17.0.201812190825/tools/compiler/bin/../lib/gcc/arm-none-eabi/7.3.1/thumb/v7e-m/fpv4-sp/hard\libgcc.a(_aeabi_uldivmod.o)
 .debug_frame   0x000020b4       0x34 d:/stm_systemworkbench/plugins/fr.ac6.mcu.externaltools.arm-none.win32_1.17.0.201812190825/tools/compiler/bin/../lib/gcc/arm-none-eabi/7.3.1/thumb/v7e-m/fpv4-sp/hard\libgcc.a(_udivmoddi4.o)
 .debug_frame   0x000020e8       0x2c d:/stm_systemworkbench/plugins/fr.ac6.mcu.externaltools.arm-none.win32_1.17.0.201812190825/tools/compiler/bin/../lib/gcc/arm-none-eabi/7.3.1/../../../../arm-none-eabi/lib/thumb/v7e-m/fpv4-sp/hard\libc_nano.a(lib_a-init.o)
 .debug_frame   0x00002114       0x20 d:/stm_systemworkbench/plugins/fr.ac6.mcu.externaltools.arm-none.win32_1.17.0.201812190825/tools/compiler/bin/../lib/gcc/arm-none-eabi/7.3.1/../../../../arm-none-eabi/lib/thumb/v7e-m/fpv4-sp/hard\libc_nano.a(lib_a-memset.o)
